1
00:00:01,083 --> 00:00:15,417
Kala itu sekitar 600 SM, dan orang di Yerusalem tidak menaati perintah Allah. Lehi, seorang nabi, amat khawatir akan kesejahteraan mereka, berdoa bagi mereka, dan menerima penglihatan luar biasa dari Allah.

2
00:00:15,417 --> 00:08:37,417
Berdasarkan peristiwa nyata yang tercatat dalam Kitab Mormon: Satu Kesaksian Lagi tentang Yesus Kristus.

